[guruphotography.mypixieset.com/index.html]
[backblue.gif]
[fade.gif]
[index.html]
[images-pw.pixieset.com/profile/326492/68d8e716ab1627d5c5c856d83e80a5205e9ddc106ba9eaa1f99b6b559eab6611.png]
[external.html]
[images-pw.pixieset.com/elementfield/022119553/IMG_0011-35afe318-1500.jpg]
[assets-pw.pixieset.com/assets/client/css/themes/theme_4.v-c875e0a4.css]
[assets-pw.pixieset.com/assets/flex-client/static/css/flex-main.v-8e1b6f95.css]
[assets-pw.pixieset.com/assets/flex-client/flex-main-client.v-7f6898ec.min.js]
[images-pw.pixieset.com/profile/326492/3f41019d2b574cdbc4b776f1fcf81b007df0c56047aca30e8a7e56c69d8fa08a.png]
[images-pw.pixieset.com/elementfield/022119553/IMG_0011-05000595-2500.jpg]
[guruphotography.mypixieset.com/about/index.html]
[guruphotography.mypixieset.com/portfolio/index.html]
[guruphotography.mypixieset.com/wedding/index.html]
[guruphotography.mypixieset.com/casual/index.html]
[images-pw.pixieset.com/elementfield/422547311/IMG_0067_1-cf07677c.jpg]
[guruphotography.mypixieset.com/contact/index.html]
[images-pw.pixieset.com/elementfield/712547311/1631268688848-a92ce9c3.jpg]
[guruphotography.mypixieset.com/fashion/index.html]
[guruphotography.mypixieset.com/engagement/index.html]
[images-pw.pixieset.com/elementfield/885108943/JTP_5917-ff03b208-2500.jpg]
[images-pw.pixieset.com/elementfield/012547311/1619002768768-bb44fcd4.jpg]
[images-pw.pixieset.com/elementfield/502208943/IMG_9547-782b3c29-2500.jpg]
[images-pw.pixieset.com/elementfield/689317453/4Q5A1200-a7255c0c-300.jpg]
[images-pw.pixieset.com/elementfield/399317453/IMG_9828-5f5eb639-300.jpg]
[images-pw.pixieset.com/elementfield/000417453/IMG_9097-b6ee79ae-300.jpg]
[images-pw.pixieset.com/elementfield/700417453/IMG_9795-e9f690f8-300.jpg]
[images-pw.pixieset.com/elementfield/711547311/1630593756481-3967e742.jpg]
[images-pw.pixieset.com/elementfield/011717453/4Q5A0637-c1e39684-1500.jpg]
[images-pw.pixieset.com/elementfield/093547311/4Q5A1220-1fc7ae8e.jpg]
[images-pw.pixieset.com/elementfield/593547311/1631285205129-0a000724.jpg]
[images-pw.pixieset.com/elementfield/004547311/1632660678446-99eb548f.jpg]
[guruphotography.mypixieset.com/jquery.24.delayed]
[guruphotography.mypixieset.com/tiny-cookie]
[guruphotography.mypixieset.com/slick-carousel]
[assets-pw.pixieset.com/assets/client/js/manifest.v-07f2ecbd.js]
[assets-pw.pixieset.com/assets/client/js/vendor.v-86dd7af9.js]
[assets-pw.pixieset.com/assets/client/js/index.v-cfce46a9.js]
[assets-pw.pixieset.com/assets/client/js/themes/theme_4.v-64de9dd2.js]
[assets-pw.pixieset.com/assets/client/js/init-pw.v-b7494d2d.js]
[guruphotography.mypixieset.com/index.html]
[assets-pw.pixieset.com/images/assets/client/images/vendor/photoswipe/dist/default-skin/default-skin208f.png]
[assets-pw.pixieset.com/assets/client/css/themes/theme_4.v-c875e0a4.css]
[assets-pw.pixieset.com/assets/flex-client/static/css/flex-main.v-8e1b6f95.css]
[images-pw.pixieset.com/elementfield/132547311/IMG_0011-2763c4be-1500.jpg]
[images-pw.pixieset.com/elementfield/132547311/IMG_0011-17cc2233-2500.jpg]
[images-pw.pixieset.com/elementfield/504547311/IMG_9830-373f3f6e-2500.jpg]
[images-pw.pixieset.com/elementfield/904547311/IMG_0145-47798d3e-2500.jpg]
[images-pw.pixieset.com/sample_photos/sample-180_XL.jpg]
[guruphotography.mypixieset.com/about/index.html]
[images-pw.pixieset.com/sample_photos/sample-280_XL.jpg]
[images-pw.pixieset.com/sample_photos/sample-263_LG.jpg]
[images-pw.pixieset.com/sample_photos/sample-274_LG.jpg]
[images-pw.pixieset.com/sample_photos/sample-268_LG.jpg]
[images-pw.pixieset.com/sample_photos/sample-271_LG.jpg]
[guruphotography.mypixieset.com/portfolio/index.html]
[images-pw.pixieset.com/elementfield/741547311/IMG_9547-e503325b-1500.jpg]
[images-pw.pixieset.com/elementfield/741547311/IMG_9547-d5acd4d6-2500.jpg]
[images-pw.pixieset.com/elementfield/741547311/IMG_9551-271b5625-2500.jpg]
[images-pw.pixieset.com/elementfield/741547311/IMG_9828-e4a4b533-2500.jpg]
[images-pw.pixieset.com/elementfield/741547311/IMG_9660-470e15f0-2500.jpg]
[images-pw.pixieset.com/elementfield/741547311/IMG_9562-f07f8987-2500.jpg]
[images-pw.pixieset.com/elementfield/741547311/IMG_9715-b5b99703-2500.jpg]
[guruphotography.mypixieset.com/wedding/index.html]
[images-pw.pixieset.com/elementfield/741547311/IMG_9830-161337c0-2500.jpg]
[images-pw.pixieset.com/elementfield/661547311/4Q5A0660-f53d6a32-1500.jpg]
[images-pw.pixieset.com/elementfield/661547311/4Q5A0660-c360d4ab-1000.jpg]
[images-pw.pixieset.com/elementfield/661547311/4Q5A0808-01148067-1000.jpg]
[images-pw.pixieset.com/elementfield/661547311/4Q5A1146-1636841c-1000.jpg]
[images-pw.pixieset.com/elementfield/661547311/4Q5A1200-454440ff-1000.jpg]
[images-pw.pixieset.com/elementfield/661547311/4Q5A1160-e48106ef-1000.jpg]
[images-pw.pixieset.com/elementfield/661547311/4Q5A1177-b7f3c20c-1000.jpg]
[images-pw.pixieset.com/elementfield/661547311/4Q5A1214-d2f5c01b-1000.jpg]
[images-pw.pixieset.com/elementfield/661547311/4Q5A1221-65845c6c-1000.jpg]
[images-pw.pixieset.com/elementfield/661547311/4Q5A1715-9733de9f-1000.jpg]
[images-pw.pixieset.com/elementfield/661547311/4Q5A0755-d993d1ea-1000.jpg]
[images-pw.pixieset.com/elementfield/661547311/4Q5A0633-36f6988f-1000.jpg]
[images-pw.pixieset.com/elementfield/661547311/4Q5A0639-735cdb78-1000.jpg]
[images-pw.pixieset.com/elementfield/661547311/4Q5A0762-dc76edc4-1000.jpg]
[images-pw.pixieset.com/elementfield/661547311/4Q5A0997-f3a30294-1000.jpg]
[images-pw.pixieset.com/elementfield/661547311/4Q5A0730-0ef70e48-1000.jpg]
[guruphotography.mypixieset.com/casual/index.html]
[images-pw.pixieset.com/elementfield/238919553/IMG_8936_1-51bb9d4b-1500.jpg]
[images-pw.pixieset.com/elementfield/451547311/IMG_9102-c2caf794-1000.jpg]
[images-pw.pixieset.com/elementfield/451547311/IMG_8074-80417ab4-1000.jpg]
[images-pw.pixieset.com/elementfield/451547311/IMG_8101-72f6f847-1000.jpg]
[images-pw.pixieset.com/elementfield/451547311/IMG_8886_1-21843ca4-1000.jpg]
[images-pw.pixieset.com/elementfield/451547311/IMG_8171-045761f5-1000.jpg]
[images-pw.pixieset.com/elementfield/451547311/IMG_9097-307d7567-1000.jpg]
[images-pw.pixieset.com/elementfield/451547311/IMG_9055-f326e6f1-1000.jpg]
[images-pw.pixieset.com/elementfield/451547311/IMG_8936_1-b6e0f875-1000.jpg]
[images-pw.pixieset.com/elementfield/451547311/IMG_8897-44577a86-1000.jpg]
[images-pw.pixieset.com/elementfield/451547311/IMG_9061-01916402-1000.jpg]
[guruphotography.mypixieset.com/engagement/index.html]
[images-pw.pixieset.com/sample_photos/sample-146_XL.jpg]
[images-pw.pixieset.com/sample_photos/sample-143_XL.jpg]
[images-pw.pixieset.com/sample_photos/sample-148_XL.jpg]
[images-pw.pixieset.com/sample_photos/sample-150_XL.jpg]
[images-pw.pixieset.com/sample_photos/sample-149_XL.jpg]
[images-pw.pixieset.com/sample_photos/sample-155_XL.jpg]
[images-pw.pixieset.com/sample_photos/sample-156_XL.jpg]
[images-pw.pixieset.com/sample_photos/sample-157_XL.jpg]
[images-pw.pixieset.com/sample_photos/sample-146_XS.jpg]
[images-pw.pixieset.com/sample_photos/sample-143_XS.jpg]
[images-pw.pixieset.com/sample_photos/sample-148_XS.jpg]
[images-pw.pixieset.com/sample_photos/sample-150_XS.jpg]
[images-pw.pixieset.com/sample_photos/sample-149_XS.jpg]
[images-pw.pixieset.com/sample_photos/sample-155_XS.jpg]
[images-pw.pixieset.com/sample_photos/sample-156_XS.jpg]
[images-pw.pixieset.com/sample_photos/sample-157_XS.jpg]
[guruphotography.mypixieset.com/fashion/index.html]
[images-pw.pixieset.com/elementfield/952547311/4Q5A1221-da84486a-1500.jpg]
[images-pw.pixieset.com/elementfield/952547311/4Q5A1221-ea2baee7-2500.jpg]
[guruphotography.mypixieset.com/contact/index.html]
[guruphotography.mypixieset.com/jquery.html]
[guruphotography.mypixieset.com/tiny-cookie.html]
[guruphotography.mypixieset.com/slick-carousel.html]
