[backblue.gif]
[fade.gif]
[index.html]
[external.html]
[images-pw.pixieset.com/elementfield/784108943/4Q5A1200-3d77dafc-1500.jpg]
[assets-pw.pixieset.com/assets/flex-client/flex-main-client.v-adf45c3c.min.js]
[images-pw.pixieset.com/elementfield/784108943/4Q5A1200-0dd83c71-2500.jpg]
[images-pw.pixieset.com/elementfield/422547311/IMG_0067_1-cf07677c.jpg]
[images-pw.pixieset.com/elementfield/012547311/1619002768768-bb44fcd4.jpg]
[images-pw.pixieset.com/elementfield/712547311/1631268688848-a92ce9c3.jpg]
[images-pw.pixieset.com/elementfield/502208943/IMG_9547-782b3c29-2500.jpg]
[images-pw.pixieset.com/elementfield/885108943/JTP_5917-ff03b208-2500.jpg]
[images-pw.pixieset.com/elementfield/004547311/1632660678446-99eb548f.jpg]
[guruphotography.mypixieset.com/index.html]
[assets-pw.pixieset.com/assets/client/js/manifest.v-07f2ecbd.js]
[assets-pw.pixieset.com/assets/client/js/vendor.v-86dd7af9.js]
[assets-pw.pixieset.com/assets/client/js/index.v-cfce46a9.js]
[assets-pw.pixieset.com/assets/client/js/themes/theme_4.v-64de9dd2.js]
[assets-pw.pixieset.com/assets/client/css/themes/theme_4.v-d02266fd.css]
[assets-pw.pixieset.com/assets/client/js/init-pw.v-b7494d2d.js]
[assets-pw.pixieset.com/images/assets/client/images/vendor/photoswipe/dist/default-skin/default-skin208f.png]
[assets-pw.pixieset.com/assets/flex-client/static/css/flex-main.v-b60c8cca.css]
[guruphotography.mypixieset.com/about/index.html]
[images-pw.pixieset.com/sample_photos/sample-279_XL.jpg]
[images-pw.pixieset.com/sample_photos/sample-263_LG.jpg]
[images-pw.pixieset.com/sample_photos/sample-268_LG.jpg]
[guruphotography.mypixieset.com/portfolio/index.html]
[images-pw.pixieset.com/sample_photos/sample-271_LG.jpg]
[guruphotography.mypixieset.com/wedding/index.html]
[images-pw.pixieset.com/elementfield/741547311/IMG_9547-e503325b-1500.jpg]
[images-pw.pixieset.com/elementfield/451547311/IMG_9102-f497490d-1500.jpg]
[guruphotography.mypixieset.com/engagement/index.html]
[images-pw.pixieset.com/elementfield/451547311/IMG_8101-72f6f847-1000.jpg]
[guruphotography.mypixieset.com/fashion/index.html]
[images-pw.pixieset.com/elementfield/451547311/IMG_8171-045761f5-1000.jpg]
[images-pw.pixieset.com/sample_photos/sample-274_LG.jpg]
[images-pw.pixieset.com/elementfield/661547311/4Q5A0660-f53d6a32-1500.jpg]
[images-pw.pixieset.com/elementfield/661547311/4Q5A0633-36f6988f-1000.jpg]
[images-pw.pixieset.com/elementfield/661547311/4Q5A0639-735cdb78-1000.jpg]
[images-pw.pixieset.com/elementfield/661547311/4Q5A0762-dc76edc4-1000.jpg]
[images-pw.pixieset.com/elementfield/661547311/4Q5A0997-f3a30294-1000.jpg]
[images-pw.pixieset.com/elementfield/661547311/4Q5A0730-0ef70e48-1000.jpg]
[guruphotography.mypixieset.com/casual/index.html]
[images-pw.pixieset.com/sample_photos/sample-265_XL.jpg]
[images-pw.pixieset.com/sample_photos/sample-258_MD.jpg]
[images-pw.pixieset.com/sample_photos/sample-248_MD.jpg]
[images-pw.pixieset.com/sample_photos/sample-277_MD.jpg]
[guruphotography.mypixieset.com/investment/index.html]
[guruphotography.mypixieset.com/clients/index.html]
[images.pixieset.com/78676656/bd1ba0e6699ab7439d52bea16b118376-large.jpg]
[guruphotography.mypixieset.com/contact/index.html]
[guruphotography.mypixieset.com/jquery.html]
[guruphotography.mypixieset.com/tiny-cookie.html]
[guruphotography.mypixieset.com/slick-carousel.html]
[images-pw.pixieset.com/sample_photos/sample-275_XL.jpg]
