[guruphotography.mypixieset.com/index.html]
[backblue.gif]
[fade.gif]
[index.html]
[images-pw.pixieset.com/elementfield/784108943/4Q5A1200-3d77dafc-1500.jpg]
[external.html]
[assets-pw.pixieset.com/assets/client/css/themes/theme_4.v-d02266fd.css]
[assets-pw.pixieset.com/assets/flex-client/static/css/flex-main.v-b60c8cca.css]
[assets-pw.pixieset.com/assets/flex-client/flex-main-client.v-adf45c3c.min.js]
[images-pw.pixieset.com/elementfield/784108943/4Q5A1200-0dd83c71-2500.jpg]
[guruphotography.mypixieset.com/about/index.html]
[guruphotography.mypixieset.com/wedding/index.html]
[guruphotography.mypixieset.com/portfolio/index.html]
[guruphotography.mypixieset.com/fashion/index.html]
[guruphotography.mypixieset.com/engagement/index.html]
[images-pw.pixieset.com/elementfield/422547311/IMG_0067_1-cf07677c.jpg]
[guruphotography.mypixieset.com/investment/index.html]
[guruphotography.mypixieset.com/casual/index.html]
[guruphotography.mypixieset.com/clients/index.html]
[images-pw.pixieset.com/elementfield/012547311/1619002768768-bb44fcd4.jpg]
[guruphotography.mypixieset.com/contact/index.html]
[images-pw.pixieset.com/elementfield/712547311/1631268688848-a92ce9c3.jpg]
[images-pw.pixieset.com/elementfield/502208943/IMG_9547-782b3c29-2500.jpg]
[images-pw.pixieset.com/elementfield/885108943/JTP_5917-ff03b208-2500.jpg]
[images-pw.pixieset.com/elementfield/711547311/1630593756481-3967e742.jpg]
[images-pw.pixieset.com/elementfield/093547311/4Q5A1220-1fc7ae8e.jpg]
[images-pw.pixieset.com/elementfield/593547311/1631285205129-0a000724.jpg]
[images-pw.pixieset.com/elementfield/004547311/1632660678446-99eb548f.jpg]
[guruphotography.mypixieset.com/jquery.18.delayed]
[guruphotography.mypixieset.com/tiny-cookie]
[guruphotography.mypixieset.com/slick-carousel]
[assets-pw.pixieset.com/assets/client/js/manifest.v-07f2ecbd.js]
[assets-pw.pixieset.com/assets/client/js/vendor.v-86dd7af9.js]
[assets-pw.pixieset.com/assets/client/js/index.v-cfce46a9.js]
[assets-pw.pixieset.com/assets/client/js/themes/theme_4.v-64de9dd2.js]
[guruphotography.mypixieset.com/index.html]
[assets-pw.pixieset.com/assets/client/js/init-pw.v-b7494d2d.js]
[assets-pw.pixieset.com/images/assets/client/images/vendor/photoswipe/dist/default-skin/default-skin208f.png]
[assets-pw.pixieset.com/assets/client/css/themes/theme_4.v-d02266fd.css]
[assets-pw.pixieset.com/assets/flex-client/static/css/flex-main.v-b60c8cca.css]
[images-pw.pixieset.com/sample_photos/sample-279_XL.jpg]
[images-pw.pixieset.com/sample_photos/sample-266_XS.jpg]
[images-pw.pixieset.com/sample_photos/sample-169_XL.jpg]
[images-pw.pixieset.com/sample_photos/sample-165_XL.jpg]
[images-pw.pixieset.com/sample_photos/sample-180_XL.jpg]
[guruphotography.mypixieset.com/about/index.html]
[images-pw.pixieset.com/sample_photos/sample-263_LG.jpg]
[images-pw.pixieset.com/sample_photos/sample-268_LG.jpg]
[images-pw.pixieset.com/sample_photos/sample-271_LG.jpg]
[guruphotography.mypixieset.com/portfolio/index.html]
[images-pw.pixieset.com/elementfield/741547311/IMG_9547-e503325b-1500.jpg]
[images-pw.pixieset.com/elementfield/741547311/IMG_9547-d5acd4d6-2500.jpg]
[images-pw.pixieset.com/elementfield/741547311/IMG_9551-271b5625-2500.jpg]
[images-pw.pixieset.com/elementfield/741547311/IMG_9828-e4a4b533-2500.jpg]
[images-pw.pixieset.com/elementfield/741547311/IMG_9660-470e15f0-2500.jpg]
[images-pw.pixieset.com/elementfield/741547311/IMG_9562-f07f8987-2500.jpg]
[images-pw.pixieset.com/elementfield/741547311/IMG_9715-b5b99703-2500.jpg]
[images-pw.pixieset.com/elementfield/741547311/IMG_9830-161337c0-2500.jpg]
[guruphotography.mypixieset.com/wedding/index.html]
[images-pw.pixieset.com/elementfield/451547311/IMG_9102-f497490d-1500.jpg]
[images-pw.pixieset.com/elementfield/451547311/IMG_9102-c2caf794-1000.jpg]
[images-pw.pixieset.com/elementfield/451547311/IMG_8074-80417ab4-1000.jpg]
[images-pw.pixieset.com/elementfield/451547311/IMG_8101-72f6f847-1000.jpg]
[images-pw.pixieset.com/elementfield/451547311/IMG_8886_1-21843ca4-1000.jpg]
[images-pw.pixieset.com/elementfield/451547311/IMG_8171-045761f5-1000.jpg]
[images-pw.pixieset.com/elementfield/451547311/IMG_9097-307d7567-1000.jpg]
[images-pw.pixieset.com/elementfield/451547311/IMG_9055-f326e6f1-1000.jpg]
[images-pw.pixieset.com/elementfield/451547311/IMG_8936_1-b6e0f875-1000.jpg]
[images-pw.pixieset.com/elementfield/451547311/IMG_8897-44577a86-1000.jpg]
[guruphotography.mypixieset.com/engagement/index.html]
[images-pw.pixieset.com/elementfield/451547311/IMG_9061-01916402-1000.jpg]
[images-pw.pixieset.com/sample_photos/sample-146_XL.jpg]
[images-pw.pixieset.com/sample_photos/sample-143_XL.jpg]
[images-pw.pixieset.com/sample_photos/sample-148_XL.jpg]
[images-pw.pixieset.com/sample_photos/sample-150_XL.jpg]
[images-pw.pixieset.com/sample_photos/sample-149_XL.jpg]
[images-pw.pixieset.com/sample_photos/sample-155_XL.jpg]
[images-pw.pixieset.com/sample_photos/sample-156_XL.jpg]
[images-pw.pixieset.com/sample_photos/sample-157_XL.jpg]
[images-pw.pixieset.com/sample_photos/sample-146_XS.jpg]
[images-pw.pixieset.com/sample_photos/sample-143_XS.jpg]
[images-pw.pixieset.com/sample_photos/sample-148_XS.jpg]
[images-pw.pixieset.com/sample_photos/sample-150_XS.jpg]
[images-pw.pixieset.com/sample_photos/sample-149_XS.jpg]
[images-pw.pixieset.com/sample_photos/sample-155_XS.jpg]
[images-pw.pixieset.com/sample_photos/sample-156_XS.jpg]
[images-pw.pixieset.com/sample_photos/sample-157_XS.jpg]
[guruphotography.mypixieset.com/fashion/index.html]
[images-pw.pixieset.com/elementfield/661547311/4Q5A0660-f53d6a32-1500.jpg]
[images-pw.pixieset.com/elementfield/661547311/4Q5A0660-c360d4ab-1000.jpg]
[images-pw.pixieset.com/elementfield/661547311/4Q5A0808-01148067-1000.jpg]
[images-pw.pixieset.com/elementfield/661547311/4Q5A1146-1636841c-1000.jpg]
[images-pw.pixieset.com/elementfield/661547311/4Q5A1200-454440ff-1000.jpg]
[images-pw.pixieset.com/elementfield/661547311/4Q5A1160-e48106ef-1000.jpg]
[images-pw.pixieset.com/elementfield/661547311/4Q5A1177-b7f3c20c-1000.jpg]
[images-pw.pixieset.com/elementfield/661547311/4Q5A1214-d2f5c01b-1000.jpg]
[images-pw.pixieset.com/elementfield/661547311/4Q5A1221-65845c6c-1000.jpg]
[images-pw.pixieset.com/elementfield/661547311/4Q5A1715-9733de9f-1000.jpg]
